// Jest Snapshot v1, https://goo.gl/fbAQLP

exports[`Breadcrumbs: (with readme) should compile README breadcrumbs' 1`] = `"Readme | [typedoc-plugin-markdown](../modules.md)"`;

exports[`Breadcrumbs: (with readme) should compile class breadcrumbs' 1`] = `"[Readme](../README.md) | [typedoc-plugin-markdown](../modules.md) / Breadcrumbs"`;

exports[`Breadcrumbs: (with readme) should compile entryPoint (globals) breadcrumbs' 1`] = `"[Readme](../README.md) | [typedoc-plugin-markdown](../modules.md)"`;

exports[`Breadcrumbs: (with readme) should compile module breadcrumbs' 1`] = `"[Readme](../README.md) | [typedoc-plugin-markdown](../modules.md) / Breadcrumbs"`;

exports[`Breadcrumbs: (without readme) should compile class breadcrumbs' 1`] = `"[typedoc-plugin-markdown](../README.md) / Breadcrumbs"`;

exports[`Breadcrumbs: (without readme) should compile module breadcrumbs' 1`] = `"[typedoc-plugin-markdown](../README.md) / Breadcrumbs"`;
